src/pages/PersonalMonthlyReport.tsx(4,75): error TS6133: 'MapPin' is declared but its value is never read.
